bounded-start-owned-pid=39168
bounded-timeout-poll=None; owned-pid=39168
scene: local
selection-reason: config-changed
cache-hit: verify.sim2gse
cache-hit: verify.luals
cache-hit: verify.luacheck
cache-hit: verify.toc
cache-hit: verify.sim2gse-probe-luals
cache-hit: verify.sim2gse-probe-luacheck
cache-hit: verify.sim2gse-probe-toc
cache-hit: verify.crosshair-media
cache-hit: verify.myseries-luals
cache-hit: verify.myseries-luacheck
cache-hit: verify.myseries-toc
cache-hit: verify.myseries-series
cache-hit: verify.crosshairhud-luals
cache-hit: verify.crosshairhud-luacheck
cache-hit: verify.crosshairhud-toc
cache-hit: verify.crosshairhud-tests
cache-hit: verify.wowaddontest-skill
cache-hit: verify.wowaddontest-dk
cache-hit: verify.sim2gse-probe-test
cache-hit: verify.addon-probe-luals
cache-hit: verify.addon-probe-luacheck
cache-hit: verify.addon-probe-toc
cache-hit: verify.addon-probe-test
cache-hit: verify.assets
cache-hit: verify.checker-tests
cache-hit: verify.annotation-build
cache-hit: verify.gear-async
cache-hit: verify.gear-build-names
cache-hit: verify.gear-delete
cache-hit: verify.gear-empty
cache-hit: verify.gear-save-armor
cache-hit: verify.gear-save-as
cache-hit: verify.gear-stat-filter
cache-hit: verify.gear-summary
cache-hit: verify.myspec-main
bounded-deadline=60.357; owned-pid=39168; taskkill=128
bounded-child-exit=1; taskkill-output=b'\xb3\xc9\xb9\xa6: \xd2\xd1\xd6\xd5\xd6\xb9 PID 34124 (\xca\xf4\xd3\xda PID 2636 \xd7\xd3\xbd\xf8\xb3\xcc)\xb5\xc4\xbd\xf8\xb3\xcc\xa1\xa3\r\n\xb3\xc9\xb9\xa6: \xd2\xd1\xd6\xd5\xd6\xb9 PID 14788 (\xca\xf4\xd3\xda PID 30440 \xd7\xd3\xbd\xf8\xb3\xcc)\xb5\xc4\xbd\xf8\xb3\xcc\xa1\xa3\r\n\xb3\xc9\xb9\xa6: \xd2\xd1\xd6\xd5\xd6\xb9 PID 31940 (\xca\xf4\xd3\xda PID 14048 \xd7\xd3\xbd\xf8\xb3\xcc)\xb5\xc4\xbd\xf8\xb3\xcc\xa1\xa3\r\n\xb3\xc9\xb9\xa6: \xd2\xd1\xd6\xd5\xd6\xb9 PID 11716 (\xca\xf4\xd3\xda PID 41356 \xd7\xd3\xbd\xf8\xb3\xcc)\xb5\xc4\xbd\xf8\xb3\xcc\xa1\xa3\r\n\xb3\xc9\xb9\xa6: \xd2\xd1\xd6\xd5\xd6\xb9 PID 17108 (\xca\xf4\xd3\xda PID 6028 \xd7\xd3\xbd\xf8\xb3\xcc)\xb5\xc4\xbd\xf8\xb3\xcc\xa1\xa3\r\n\xb3\xc9\xb9\xa6: \xd2\xd1\xd6\xd5\xd6\xb9 PID 29552 (\xca\xf4\xd3\xda PID 5360 \xd7\xd3\xbd\xf8\xb3\xcc)\xb5\xc4\xbd\xf8\xb3\xcc\xa1\xa3\r\n\xb3\xc9\xb9\xa6: \xd2\xd1\xd6\xd5\xd6\xb9 PID 2636 (\xca\xf4\xd3\xda PID 22560 \xd7\xd3\xbd\xf8\xb3\xcc)\xb5\xc4\xbd\xf8\xb3\xcc\xa1\xa3\r\n\xb3\xc9\xb9\xa6: \xd2\xd1\xd6\xd5\xd6\xb9 PID 30440 (\xca\xf4\xd3\xda PID 38156 \xd7\xd3\xbd\xf8\xb3\xcc)\xb5\xc4\xbd\xf8\xb3\xcc\xa1\xa3\r\n\xb3\xc9\xb9\xa6: \xd2\xd1\xd6\xd5\xd6\xb9 PID 14048 (\xca\xf4\xd3\xda PID 30260 \xd7\xd3\xbd\xf8\xb3\xcc)\xb5\xc4\xbd\xf8\xb3\xcc\xa1\xa3\r\n\xb3\xc9\xb9\xa6: \xd2\xd1\xd6\xd5\xd6\xb9 PID 41356 (\xca\xf4\xd3\xda PID 6184 \xd7\xd3\xbd\xf8\xb3\xcc)\xb5\xc4\xbd\xf8\xb3\xcc\xa1\xa3\r\n\xb3\xc9\xb9\xa6: \xd2\xd1\xd6\xd5\xd6\xb9 PID 6028 (\xca\xf4\xd3\xda PID 41284 \xd7\xd3\xbd\xf8\xb3\xcc)\xb5\xc4\xbd\xf8\xb3\xcc\xa1\xa3\r\n\xb3\xc9\xb9\xa6: \xd2\xd1\xd6\xd5\xd6\xb9 PID 5360 (\xca\xf4\xd3\xda PID 34388 \xd7\xd3\xbd\xf8\xb3\xcc)\xb5\xc4\xbd\xf8\xb3\xcc\xa1\xa3\r\n\xb3\xc9\xb9\xa6: \xd2\xd1\xd6\xd5\xd6\xb9 PID 39236 (\xca\xf4\xd3\xda PID 24136 \xd7\xd3\xbd\xf8\xb3\xcc)\xb5\xc4\xbd\xf8\xb3\xcc\xa1\xa3\r\n\xb3\xc9\xb9\xa6: \xd2\xd1\xd6\xd5\xd6\xb9 PID 18796 (\xca\xf4\xd3\xda PID 5488 \xd7\xd3\xbd\xf8\xb3\xcc)\xb5\xc4\xbd\xf8\xb3\xcc\xa1\xa3\r\n\xb3\xc9\xb9\xa6: \xd2\xd1\xd6\xd5\xd6\xb9 PID 22560 (\xca\xf4\xd3\xda PID 28512 \xd7\xd3\xbd\xf8\xb3\xcc)\xb5\xc4\xbd\xf8\xb3\xcc\xa1\xa3\r\n\xb3\xc9\xb9\xa6: \xd2\xd1\xd6\xd5\xd6\xb9 PID 38156 (\xca\xf4\xd3\xda PID 37632 \xd7\xd3\xbd\xf8\xb3\xcc)\xb5\xc4\xbd\xf8\xb3\xcc\xa1\xa3\r\n\xb3\xc9\xb9\xa6: \xd2\xd1\xd6\xd5\xd6\xb9 PID 30260 (\xca\xf4\xd3\xda PID 18476 \xd7\xd3\xbd\xf8\xb3\xcc)\xb5\xc4\xbd\xf8\xb3\xcc\xa1\xa3\r\n\xb3\xc9\xb9\xa6: \xd2\xd1\xd6\xd5\xd6\xb9 PID 41284 (\xca\xf4\xd3\xda PID 26076 \xd7\xd3\xbd\xf8\xb3\xcc)\xb5\xc4\xbd\xf8\xb3\xcc\xa1\xa3\r\n\xb3\xc9\xb9\xa6: \xd2\xd1\xd6\xd5\xd6\xb9 PID 32296 (\xca\xf4\xd3\xda PID 27460 \xd7\xd3\xbd\xf8\xb3\xcc)\xb5\xc4\xbd\xf8\xb3\xcc\xa1\xa3\r\n\xb3\xc9\xb9\xa6: \xd2\xd1\xd6\xd5\xd6\xb9 PID 27396 (\xca\xf4\xd3\xda PID 42872 \xd7\xd3\xbd\xf8\xb3\xcc)\xb5\xc4\xbd\xf8\xb3\xcc\xa1\xa3\r\n\xb3\xc9\xb9\xa6: \xd2\xd1\xd6\xd5\xd6\xb9 PID 36300 (\xca\xf4\xd3\xda PID 28236 \xd7\xd3\xbd\xf8\xb3\xcc)\xb5\xc4\xbd\xf8\xb3\xcc\xa1\xa3\r\n\xb3\xc9\xb9\xa6: \xd2\xd1\xd6\xd5\xd6\xb9 PID 24492 (\xca\xf4\xd3\xda PID 21912 \xd7\xd3\xbd\xf8\xb3\xcc)\xb5\xc4\xbd\xf8\xb3\xcc\xa1\xa3\r\n\xb3\xc9\xb9\xa6: \xd2\xd1\xd6\xd5\xd6\xb9 PID 5488 (\xca\xf4\xd3\xda PID 36988 \xd7\xd3\xbd\xf8\xb3\xcc)\xb5\xc4\xbd\xf8\xb3\xcc\xa1\xa3\r\n\xb3\xc9\xb9\xa6: \xd2\xd1\xd6\xd5\xd6\xb9 PID 24136 (\xca\xf4\xd3\xda PID 36204 \xd7\xd3\xbd\xf8\xb3\xcc)\xb5\xc4\xbd\xf8\xb3\xcc\xa1\xa3\r\n\xb3\xc9\xb9\xa6: \xd2\xd1\xd6\xd5\xd6\xb9 PID 34388 (\xca\xf4\xd3\xda PID 42680 \xd7\xd3\xbd\xf8\xb3\xcc)\xb5\xc4\xbd\xf8\xb3\xcc\xa1\xa3\r\n\xb3\xc9\xb9\xa6: \xd2\xd1\xd6\xd5\xd6\xb9 PID 6184 (\xca\xf4\xd3\xda PID 11172 \xd7\xd3\xbd\xf8\xb3\xcc)\xb5\xc4\xbd\xf8\xb3\xcc\xa1\xa3\r\n\xb3\xc9\xb9\xa6: \xd2\xd1\xd6\xd5\xd6\xb9 PID 28512 (\xca\xf4\xd3\xda PID 35824 \xd7\xd3\xbd\xf8\xb3\xcc)\xb5\xc4\xbd\xf8\xb3\xcc\xa1\xa3\r\n\xb3\xc9\xb9\xa6: \xd2\xd1\xd6\xd5\xd6\xb9 PID 37632 (\xca\xf4\xd3\xda PID 35824 \xd7\xd3\xbd\xf8\xb3\xcc)\xb5\xc4\xbd\xf8\xb3\xcc\xa1\xa3\r\n\xb3\xc9\xb9\xa6: \xd2\xd1\xd6\xd5\xd6\xb9 PID 18476 (\xca\xf4\xd3\xda PID 35824 \xd7\xd3\xbd\xf8\xb3\xcc)\xb5\xc4\xbd\xf8\xb3\xcc\xa1\xa3\r\n\xb3\xc9\xb9\xa6: \xd2\xd1\xd6\xd5\xd6\xb9 PID 36988 (\xca\xf4\xd3\xda PID 35824 \xd7\xd3\xbd\xf8\xb3\xcc)\xb5\xc4\xbd\xf8\xb3\xcc\xa1\xa3\r\n\xb3\xc9\xb9\xa6: \xd2\xd1\xd6\xd5\xd6\xb9 PID 42680 (\xca\xf4\xd3\xda PID 35824 \xd7\xd3\xbd\xf8\xb3\xcc)\xb5\xc4\xbd\xf8\xb3\xcc\xa1\xa3\r\n\xb3\xc9\xb9\xa6: \xd2\xd1\xd6\xd5\xd6\xb9 PID 35824 (\xca\xf4\xd3\xda PID 29844 \xd7\xd3\xbd\xf8\xb3\xcc)\xb5\xc4\xbd\xf8\xb3\xcc\xa1\xa3\r\n\xb3\xc9\xb9\xa6: \xd2\xd1\xd6\xd5\xd6\xb9 PID 29844 (\xca\xf4\xd3\xda PID 29560 \xd7\xd3\xbd\xf8\xb3\xcc)\xb5\xc4\xbd\xf8\xb3\xcc\xa1\xa3\r\n\xb3\xc9\xb9\xa6: \xd2\xd1\xd6\xd5\xd6\xb9 PID 29560 (\xca\xf4\xd3\xda PID 41772 \xd7\xd3\xbd\xf8\xb3\xcc)\xb5\xc4\xbd\xf8\xb3\xcc\xa1\xa3\r\n\xb3\xc9\xb9\xa6: \xd2\xd1\xd6\xd5\xd6\xb9 PID 41772 (\xca\xf4\xd3\xda PID 30624 \xd7\xd3\xbd\xf8\xb3\xcc)\xb5\xc4\xbd\xf8\xb3\xcc\xa1\xa3\r\n\xb3\xc9\xb9\xa6: \xd2\xd1\xd6\xd5\xd6\xb9 PID 30624 (\xca\xf4\xd3\xda PID 39168 \xd7\xd3\xbd\xf8\xb3\xcc)\xb5\xc4\xbd\xf8\xb3\xcc\xa1\xa3\r\n\xb3\xc9\xb9\xa6: \xd2\xd1\xd6\xd5\xd6\xb9 PID 39168 (\xca\xf4\xd3\xda PID 23316 \xd7\xd3\xbd\xf8\xb3\xcc)\xb5\xc4\xbd\xf8\xb3\xcc\xa1\xa3\r\n'; taskkill-error=b'\xb4\xed\xce\xf3: \xce\xde\xb7\xa8\xd6\xd5\xd6\xb9 PID 1992 (\xca\xf4\xd3\xda PID 23876 \xd7\xd3\xbd\xf8\xb3\xcc)\xb5\xc4\xbd\xf8\xb3\xcc\xa1\xa3\r\n\xd4\xad\xd2\xf2: \xb2\xd9\xd7\xf7\xb2\xbb\xb1\xbb\xd6\xa7\xb3\xd6\xa1\xa3\r\r\n\xb4\xed\xce\xf3: \xce\xde\xb7\xa8\xd6\xd5\xd6\xb9 PID 2828 (\xca\xf4\xd3\xda PID 34828 \xd7\xd3\xbd\xf8\xb3\xcc)\xb5\xc4\xbd\xf8\xb3\xcc\xa1\xa3\r\n\xd4\xad\xd2\xf2: \xb2\xd9\xd7\xf7\xb2\xbb\xb1\xbb\xd6\xa7\xb3\xd6\xa1\xa3\r\r\n\xb4\xed\xce\xf3: \xce\xde\xb7\xa8\xd6\xd5\xd6\xb9 PID 37160 (\xca\xf4\xd3\xda PID 31192 \xd7\xd3\xbd\xf8\xb3\xcc)\xb5\xc4\xbd\xf8\xb3\xcc\xa1\xa3\r\n\xd4\xad\xd2\xf2: \xb2\xd9\xd7\xf7\xb2\xbb\xb1\xbb\xd6\xa7\xb3\xd6\xa1\xa3\r\r\n\xb4\xed\xce\xf3: \xce\xde\xb7\xa8\xd6\xd5\xd6\xb9 PID 23876 (\xca\xf4\xd3\xda PID 32296 \xd7\xd3\xbd\xf8\xb3\xcc)\xb5\xc4\xbd\xf8\xb3\xcc\xa1\xa3\r\n\xd4\xad\xd2\xf2: \xb2\xd9\xd7\xf7\xb2\xbb\xb1\xbb\xd6\xa7\xb3\xd6\xa1\xa3\r\r\n\xb4\xed\xce\xf3: \xce\xde\xb7\xa8\xd6\xd5\xd6\xb9 PID 39300 (\xca\xf4\xd3\xda PID 36300 \xd7\xd3\xbd\xf8\xb3\xcc)\xb5\xc4\xbd\xf8\xb3\xcc\xa1\xa3\r\n\xd4\xad\xd2\xf2: \xb2\xd9\xd7\xf7\xb2\xbb\xb1\xbb\xd6\xa7\xb3\xd6\xa1\xa3\r\r\n\xb4\xed\xce\xf3: \xce\xde\xb7\xa8\xd6\xd5\xd6\xb9 PID 34828 (\xca\xf4\xd3\xda PID 24492 \xd7\xd3\xbd\xf8\xb3\xcc)\xb5\xc4\xbd\xf8\xb3\xcc\xa1\xa3\r\n\xd4\xad\xd2\xf2: \xb2\xd9\xd7\xf7\xb2\xbb\xb1\xbb\xd6\xa7\xb3\xd6\xa1\xa3\r\r\n\xb4\xed\xce\xf3: \xce\xde\xb7\xa8\xd6\xd5\xd6\xb9 PID 31192 (\xca\xf4\xd3\xda PID 27396 \xd7\xd3\xbd\xf8\xb3\xcc)\xb5\xc4\xbd\xf8\xb3\xcc\xa1\xa3\r\n\xd4\xad\xd2\xf2: \xb2\xd9\xd7\xf7\xb2\xbb\xb1\xbb\xd6\xa7\xb3\xd6\xa1\xa3\r\r\n\xb4\xed\xce\xf3: \xce\xde\xb7\xa8\xd6\xd5\xd6\xb9 PID 26076 (\xca\xf4\xd3\xda PID 35824 \xd7\xd3\xbd\xf8\xb3\xcc)\xb5\xc4\xbd\xf8\xb3\xcc\xa1\xa3\r\n\xd4\xad\xd2\xf2: \xbe\xdc\xbe\xf8\xb7\xc3\xce\xca\xa1\xa3\r\r\n\xb4\xed\xce\xf3: \xce\xde\xb7\xa8\xd6\xd5\xd6\xb9 PID 27460 (\xca\xf4\xd3\xda PID 35824 \xd7\xd3\xbd\xf8\xb3\xcc)\xb5\xc4\xbd\xf8\xb3\xcc\xa1\xa3\r\n\xd4\xad\xd2\xf2: \xc3\xbb\xd3\xd0\xb4\xcb\xc8\xce\xce\xf1\xb5\xc4\xca\xb5\xc0\xfd\xd4\xda\xd4\xcb\xd0\xd0\xa1\xa3\r\r\n\xb4\xed\xce\xf3: \xce\xde\xb7\xa8\xd6\xd5\xd6\xb9 PID 42872 (\xca\xf4\xd3\xda PID 35824 \xd7\xd3\xbd\xf8\xb3\xcc)\xb5\xc4\xbd\xf8\xb3\xcc\xa1\xa3\r\n\xd4\xad\xd2\xf2: \xc3\xbb\xd3\xd0\xb4\xcb\xc8\xce\xce\xf1\xb5\xc4\xca\xb5\xc0\xfd\xd4\xda\xd4\xcb\xd0\xd0\xa1\xa3\r\r\n\xb4\xed\xce\xf3: \xce\xde\xb7\xa8\xd6\xd5\xd6\xb9 PID 28236 (\xca\xf4\xd3\xda PID 35824 \xd7\xd3\xbd\xf8\xb3\xcc)\xb5\xc4\xbd\xf8\xb3\xcc\xa1\xa3\r\n\xd4\xad\xd2\xf2: \xc3\xbb\xd3\xd0\xb4\xcb\xc8\xce\xce\xf1\xb5\xc4\xca\xb5\xc0\xfd\xd4\xda\xd4\xcb\xd0\xd0\xa1\xa3\r\r\n\xb4\xed\xce\xf3: \xce\xde\xb7\xa8\xd6\xd5\xd6\xb9 PID 21912 (\xca\xf4\xd3\xda PID 35824 \xd7\xd3\xbd\xf8\xb3\xcc)\xb5\xc4\xbd\xf8\xb3\xcc\xa1\xa3\r\n\xd4\xad\xd2\xf2: \xc3\xbb\xd3\xd0\xb4\xcb\xc8\xce\xce\xf1\xb5\xc4\xca\xb5\xc0\xfd\xd4\xda\xd4\xcb\xd0\xd0\xa1\xa3\r\r\n\xb4\xed\xce\xf3: \xce\xde\xb7\xa8\xd6\xd5\xd6\xb9 PID 36204 (\xca\xf4\xd3\xda PID 35824 \xd7\xd3\xbd\xf8\xb3\xcc)\xb5\xc4\xbd\xf8\xb3\xcc\xa1\xa3\r\n\xd4\xad\xd2\xf2: \xc3\xbb\xd3\xd0\xb4\xcb\xc8\xce\xce\xf1\xb5\xc4\xca\xb5\xc0\xfd\xd4\xda\xd4\xcb\xd0\xd0\xa1\xa3\r\r\n\xb4\xed\xce\xf3: \xce\xde\xb7\xa8\xd6\xd5\xd6\xb9 PID 11172 (\xca\xf4\xd3\xda PID 35824 \xd7\xd3\xbd\xf8\xb3\xcc)\xb5\xc4\xbd\xf8\xb3\xcc\xa1\xa3\r\n\xd4\xad\xd2\xf2: \xc3\xbb\xd3\xd0\xb4\xcb\xc8\xce\xce\xf1\xb5\xc4\xca\xb5\xc0\xfd\xd4\xda\xd4\xcb\xd0\xd0\xa1\xa3\r\r\n'
