bounded-start-owned-pid=31564
bounded-timeout-poll=None; owned-pid=31564
scene: local
selection-reason: config-changed
cache-hit: verify.sim2gse
cache-hit: verify.luals
cache-hit: verify.luacheck
cache-hit: verify.toc
cache-hit: verify.sim2gse-probe-luals
cache-hit: verify.sim2gse-probe-luacheck
cache-hit: verify.sim2gse-probe-toc
cache-hit: verify.crosshair-media
cache-hit: verify.myseries-luals
cache-hit: verify.myseries-luacheck
cache-hit: verify.myseries-toc
cache-hit: verify.myseries-series
cache-hit: verify.crosshairhud-luals
cache-hit: verify.crosshairhud-luacheck
cache-hit: verify.crosshairhud-toc
cache-hit: verify.crosshairhud-tests
cache-hit: verify.wowaddontest-skill
cache-hit: verify.wowaddontest-dk
cache-hit: verify.sim2gse-probe-test
cache-hit: verify.addon-probe-luals
cache-hit: verify.addon-probe-luacheck
cache-hit: verify.addon-probe-toc
cache-hit: verify.addon-probe-test
cache-hit: verify.assets
cache-hit: verify.checker-tests
cache-hit: verify.annotation-build
cache-hit: verify.gear-async
cache-hit: verify.gear-build-names
cache-hit: verify.gear-delete
cache-hit: verify.gear-empty
cache-hit: verify.gear-save-armor
cache-hit: verify.gear-save-as
cache-hit: verify.gear-stat-filter
cache-hit: verify.gear-summary
cache-hit: verify.myspec-main
bounded-deadline=100.387; owned-pid=31564; taskkill=128
bounded-child-exit=1; taskkill-output=b'\xb3\xc9\xb9\xa6: \xd2\xd1\xd6\xd5\xd6\xb9 PID 35248 (\xca\xf4\xd3\xda PID 24732 \xd7\xd3\xbd\xf8\xb3\xcc)\xb5\xc4\xbd\xf8\xb3\xcc\xa1\xa3\r\n\xb3\xc9\xb9\xa6: \xd2\xd1\xd6\xd5\xd6\xb9 PID 36692 (\xca\xf4\xd3\xda PID 2240 \xd7\xd3\xbd\xf8\xb3\xcc)\xb5\xc4\xbd\xf8\xb3\xcc\xa1\xa3\r\n\xb3\xc9\xb9\xa6: \xd2\xd1\xd6\xd5\xd6\xb9 PID 8108 (\xca\xf4\xd3\xda PID 5736 \xd7\xd3\xbd\xf8\xb3\xcc)\xb5\xc4\xbd\xf8\xb3\xcc\xa1\xa3\r\n\xb3\xc9\xb9\xa6: \xd2\xd1\xd6\xd5\xd6\xb9 PID 27628 (\xca\xf4\xd3\xda PID 42360 \xd7\xd3\xbd\xf8\xb3\xcc)\xb5\xc4\xbd\xf8\xb3\xcc\xa1\xa3\r\n\xb3\xc9\xb9\xa6: \xd2\xd1\xd6\xd5\xd6\xb9 PID 22812 (\xca\xf4\xd3\xda PID 35136 \xd7\xd3\xbd\xf8\xb3\xcc)\xb5\xc4\xbd\xf8\xb3\xcc\xa1\xa3\r\n\xb3\xc9\xb9\xa6: \xd2\xd1\xd6\xd5\xd6\xb9 PID 36048 (\xca\xf4\xd3\xda PID 40144 \xd7\xd3\xbd\xf8\xb3\xcc)\xb5\xc4\xbd\xf8\xb3\xcc\xa1\xa3\r\n\xb3\xc9\xb9\xa6: \xd2\xd1\xd6\xd5\xd6\xb9 PID 14048 (\xca\xf4\xd3\xda PID 38312 \xd7\xd3\xbd\xf8\xb3\xcc)\xb5\xc4\xbd\xf8\xb3\xcc\xa1\xa3\r\n\xb3\xc9\xb9\xa6: \xd2\xd1\xd6\xd5\xd6\xb9 PID 39216 (\xca\xf4\xd3\xda PID 18788 \xd7\xd3\xbd\xf8\xb3\xcc)\xb5\xc4\xbd\xf8\xb3\xcc\xa1\xa3\r\n\xb3\xc9\xb9\xa6: \xd2\xd1\xd6\xd5\xd6\xb9 PID 24732 (\xca\xf4\xd3\xda PID 38332 \xd7\xd3\xbd\xf8\xb3\xcc)\xb5\xc4\xbd\xf8\xb3\xcc\xa1\xa3\r\n\xb3\xc9\xb9\xa6: \xd2\xd1\xd6\xd5\xd6\xb9 PID 2240 (\xca\xf4\xd3\xda PID 30616 \xd7\xd3\xbd\xf8\xb3\xcc)\xb5\xc4\xbd\xf8\xb3\xcc\xa1\xa3\r\n\xb3\xc9\xb9\xa6: \xd2\xd1\xd6\xd5\xd6\xb9 PID 5736 (\xca\xf4\xd3\xda PID 34552 \xd7\xd3\xbd\xf8\xb3\xcc)\xb5\xc4\xbd\xf8\xb3\xcc\xa1\xa3\r\n\xb3\xc9\xb9\xa6: \xd2\xd1\xd6\xd5\xd6\xb9 PID 42360 (\xca\xf4\xd3\xda PID 37132 \xd7\xd3\xbd\xf8\xb3\xcc)\xb5\xc4\xbd\xf8\xb3\xcc\xa1\xa3\r\n\xb3\xc9\xb9\xa6: \xd2\xd1\xd6\xd5\xd6\xb9 PID 35136 (\xca\xf4\xd3\xda PID 38908 \xd7\xd3\xbd\xf8\xb3\xcc)\xb5\xc4\xbd\xf8\xb3\xcc\xa1\xa3\r\n\xb3\xc9\xb9\xa6: \xd2\xd1\xd6\xd5\xd6\xb9 PID 40144 (\xca\xf4\xd3\xda PID 35564 \xd7\xd3\xbd\xf8\xb3\xcc)\xb5\xc4\xbd\xf8\xb3\xcc\xa1\xa3\r\n\xb3\xc9\xb9\xa6: \xd2\xd1\xd6\xd5\xd6\xb9 PID 38312 (\xca\xf4\xd3\xda PID 25712 \xd7\xd3\xbd\xf8\xb3\xcc)\xb5\xc4\xbd\xf8\xb3\xcc\xa1\xa3\r\n\xb3\xc9\xb9\xa6: \xd2\xd1\xd6\xd5\xd6\xb9 PID 18788 (\xca\xf4\xd3\xda PID 39740 \xd7\xd3\xbd\xf8\xb3\xcc)\xb5\xc4\xbd\xf8\xb3\xcc\xa1\xa3\r\n\xb3\xc9\xb9\xa6: \xd2\xd1\xd6\xd5\xd6\xb9 PID 41564 (\xca\xf4\xd3\xda PID 28456 \xd7\xd3\xbd\xf8\xb3\xcc)\xb5\xc4\xbd\xf8\xb3\xcc\xa1\xa3\r\n\xb3\xc9\xb9\xa6: \xd2\xd1\xd6\xd5\xd6\xb9 PID 30616 (\xca\xf4\xd3\xda PID 28052 \xd7\xd3\xbd\xf8\xb3\xcc)\xb5\xc4\xbd\xf8\xb3\xcc\xa1\xa3\r\n\xb3\xc9\xb9\xa6: \xd2\xd1\xd6\xd5\xd6\xb9 PID 38332 (\xca\xf4\xd3\xda PID 35860 \xd7\xd3\xbd\xf8\xb3\xcc)\xb5\xc4\xbd\xf8\xb3\xcc\xa1\xa3\r\n\xb3\xc9\xb9\xa6: \xd2\xd1\xd6\xd5\xd6\xb9 PID 25712 (\xca\xf4\xd3\xda PID 14112 \xd7\xd3\xbd\xf8\xb3\xcc)\xb5\xc4\xbd\xf8\xb3\xcc\xa1\xa3\r\n\xb3\xc9\xb9\xa6: \xd2\xd1\xd6\xd5\xd6\xb9 PID 36368 (\xca\xf4\xd3\xda PID 42532 \xd7\xd3\xbd\xf8\xb3\xcc)\xb5\xc4\xbd\xf8\xb3\xcc\xa1\xa3\r\n\xb3\xc9\xb9\xa6: \xd2\xd1\xd6\xd5\xd6\xb9 PID 34552 (\xca\xf4\xd3\xda PID 9864 \xd7\xd3\xbd\xf8\xb3\xcc)\xb5\xc4\xbd\xf8\xb3\xcc\xa1\xa3\r\n\xb3\xc9\xb9\xa6: \xd2\xd1\xd6\xd5\xd6\xb9 PID 35564 (\xca\xf4\xd3\xda PID 5668 \xd7\xd3\xbd\xf8\xb3\xcc)\xb5\xc4\xbd\xf8\xb3\xcc\xa1\xa3\r\n\xb3\xc9\xb9\xa6: \xd2\xd1\xd6\xd5\xd6\xb9 PID 39740 (\xca\xf4\xd3\xda PID 34828 \xd7\xd3\xbd\xf8\xb3\xcc)\xb5\xc4\xbd\xf8\xb3\xcc\xa1\xa3\r\n\xb3\xc9\xb9\xa6: \xd2\xd1\xd6\xd5\xd6\xb9 PID 28456 (\xca\xf4\xd3\xda PID 2500 \xd7\xd3\xbd\xf8\xb3\xcc)\xb5\xc4\xbd\xf8\xb3\xcc\xa1\xa3\r\n\xb3\xc9\xb9\xa6: \xd2\xd1\xd6\xd5\xd6\xb9 PID 38908 (\xca\xf4\xd3\xda PID 42396 \xd7\xd3\xbd\xf8\xb3\xcc)\xb5\xc4\xbd\xf8\xb3\xcc\xa1\xa3\r\n\xb3\xc9\xb9\xa6: \xd2\xd1\xd6\xd5\xd6\xb9 PID 29232 (\xca\xf4\xd3\xda PID 9824 \xd7\xd3\xbd\xf8\xb3\xcc)\xb5\xc4\xbd\xf8\xb3\xcc\xa1\xa3\r\n\xb3\xc9\xb9\xa6: \xd2\xd1\xd6\xd5\xd6\xb9 PID 37132 (\xca\xf4\xd3\xda PID 28664 \xd7\xd3\xbd\xf8\xb3\xcc)\xb5\xc4\xbd\xf8\xb3\xcc\xa1\xa3\r\n\xb3\xc9\xb9\xa6: \xd2\xd1\xd6\xd5\xd6\xb9 PID 15304 (\xca\xf4\xd3\xda PID 5504 \xd7\xd3\xbd\xf8\xb3\xcc)\xb5\xc4\xbd\xf8\xb3\xcc\xa1\xa3\r\n\xb3\xc9\xb9\xa6: \xd2\xd1\xd6\xd5\xd6\xb9 PID 28052 (\xca\xf4\xd3\xda PID 40732 \xd7\xd3\xbd\xf8\xb3\xcc)\xb5\xc4\xbd\xf8\xb3\xcc\xa1\xa3\r\n\xb3\xc9\xb9\xa6: \xd2\xd1\xd6\xd5\xd6\xb9 PID 35860 (\xca\xf4\xd3\xda PID 40732 \xd7\xd3\xbd\xf8\xb3\xcc)\xb5\xc4\xbd\xf8\xb3\xcc\xa1\xa3\r\n\xb3\xc9\xb9\xa6: \xd2\xd1\xd6\xd5\xd6\xb9 PID 14112 (\xca\xf4\xd3\xda PID 40732 \xd7\xd3\xbd\xf8\xb3\xcc)\xb5\xc4\xbd\xf8\xb3\xcc\xa1\xa3\r\n\xb3\xc9\xb9\xa6: \xd2\xd1\xd6\xd5\xd6\xb9 PID 42532 (\xca\xf4\xd3\xda PID 40732 \xd7\xd3\xbd\xf8\xb3\xcc)\xb5\xc4\xbd\xf8\xb3\xcc\xa1\xa3\r\n\xb3\xc9\xb9\xa6: \xd2\xd1\xd6\xd5\xd6\xb9 PID 9864 (\xca\xf4\xd3\xda PID 40732 \xd7\xd3\xbd\xf8\xb3\xcc)\xb5\xc4\xbd\xf8\xb3\xcc\xa1\xa3\r\n\xb3\xc9\xb9\xa6: \xd2\xd1\xd6\xd5\xd6\xb9 PID 42396 (\xca\xf4\xd3\xda PID 40732 \xd7\xd3\xbd\xf8\xb3\xcc)\xb5\xc4\xbd\xf8\xb3\xcc\xa1\xa3\r\n\xb3\xc9\xb9\xa6: \xd2\xd1\xd6\xd5\xd6\xb9 PID 28664 (\xca\xf4\xd3\xda PID 40732 \xd7\xd3\xbd\xf8\xb3\xcc)\xb5\xc4\xbd\xf8\xb3\xcc\xa1\xa3\r\n\xb3\xc9\xb9\xa6: \xd2\xd1\xd6\xd5\xd6\xb9 PID 40732 (\xca\xf4\xd3\xda PID 22052 \xd7\xd3\xbd\xf8\xb3\xcc)\xb5\xc4\xbd\xf8\xb3\xcc\xa1\xa3\r\n\xb3\xc9\xb9\xa6: \xd2\xd1\xd6\xd5\xd6\xb9 PID 22052 (\xca\xf4\xd3\xda PID 27864 \xd7\xd3\xbd\xf8\xb3\xcc)\xb5\xc4\xbd\xf8\xb3\xcc\xa1\xa3\r\n\xb3\xc9\xb9\xa6: \xd2\xd1\xd6\xd5\xd6\xb9 PID 27864 (\xca\xf4\xd3\xda PID 27132 \xd7\xd3\xbd\xf8\xb3\xcc)\xb5\xc4\xbd\xf8\xb3\xcc\xa1\xa3\r\n\xb3\xc9\xb9\xa6: \xd2\xd1\xd6\xd5\xd6\xb9 PID 27132 (\xca\xf4\xd3\xda PID 31564 \xd7\xd3\xbd\xf8\xb3\xcc)\xb5\xc4\xbd\xf8\xb3\xcc\xa1\xa3\r\n\xb3\xc9\xb9\xa6: \xd2\xd1\xd6\xd5\xd6\xb9 PID 31564 (\xca\xf4\xd3\xda PID 38404 \xd7\xd3\xbd\xf8\xb3\xcc)\xb5\xc4\xbd\xf8\xb3\xcc\xa1\xa3\r\n'; taskkill-error=b'\xb4\xed\xce\xf3: \xce\xde\xb7\xa8\xd6\xd5\xd6\xb9 PID 22612 (\xca\xf4\xd3\xda PID 36020 \xd7\xd3\xbd\xf8\xb3\xcc)\xb5\xc4\xbd\xf8\xb3\xcc\xa1\xa3\r\n\xd4\xad\xd2\xf2: \xb2\xd9\xd7\xf7\xb2\xbb\xb1\xbb\xd6\xa7\xb3\xd6\xa1\xa3\r\r\n\xb4\xed\xce\xf3: \xce\xde\xb7\xa8\xd6\xd5\xd6\xb9 PID 39284 (\xca\xf4\xd3\xda PID 12100 \xd7\xd3\xbd\xf8\xb3\xcc)\xb5\xc4\xbd\xf8\xb3\xcc\xa1\xa3\r\n\xd4\xad\xd2\xf2: \xc3\xbb\xd3\xd0\xb4\xcb\xc8\xce\xce\xf1\xb5\xc4\xca\xb5\xc0\xfd\xd4\xda\xd4\xcb\xd0\xd0\xa1\xa3\r\r\n\xb4\xed\xce\xf3: \xce\xde\xb7\xa8\xd6\xd5\xd6\xb9 PID 38244 (\xca\xf4\xd3\xda PID 1316 \xd7\xd3\xbd\xf8\xb3\xcc)\xb5\xc4\xbd\xf8\xb3\xcc\xa1\xa3\r\n\xd4\xad\xd2\xf2: \xb2\xd9\xd7\xf7\xb2\xbb\xb1\xbb\xd6\xa7\xb3\xd6\xa1\xa3\r\r\n\xb4\xed\xce\xf3: \xce\xde\xb7\xa8\xd6\xd5\xd6\xb9 PID 36020 (\xca\xf4\xd3\xda PID 15304 \xd7\xd3\xbd\xf8\xb3\xcc)\xb5\xc4\xbd\xf8\xb3\xcc\xa1\xa3\r\n\xd4\xad\xd2\xf2: \xb2\xd9\xd7\xf7\xb2\xbb\xb1\xbb\xd6\xa7\xb3\xd6\xa1\xa3\r\r\n\xb4\xed\xce\xf3: \xce\xde\xb7\xa8\xd6\xd5\xd6\xb9 PID 12100 (\xca\xf4\xd3\xda PID 29232 \xd7\xd3\xbd\xf8\xb3\xcc)\xb5\xc4\xbd\xf8\xb3\xcc\xa1\xa3\r\n\xd4\xad\xd2\xf2: \xb2\xd9\xd7\xf7\xb2\xbb\xb1\xbb\xd6\xa7\xb3\xd6\xa1\xa3\r\r\n\xb4\xed\xce\xf3: \xce\xde\xb7\xa8\xd6\xd5\xd6\xb9 PID 1316 (\xca\xf4\xd3\xda PID 36368 \xd7\xd3\xbd\xf8\xb3\xcc)\xb5\xc4\xbd\xf8\xb3\xcc\xa1\xa3\r\n\xd4\xad\xd2\xf2: \xb2\xd9\xd7\xf7\xb2\xbb\xb1\xbb\xd6\xa7\xb3\xd6\xa1\xa3\r\r\n\xb4\xed\xce\xf3: \xce\xde\xb7\xa8\xd6\xd5\xd6\xb9 PID 5668 (\xca\xf4\xd3\xda PID 40732 \xd7\xd3\xbd\xf8\xb3\xcc)\xb5\xc4\xbd\xf8\xb3\xcc\xa1\xa3\r\n\xd4\xad\xd2\xf2: \xc3\xbb\xd3\xd0\xb4\xcb\xc8\xce\xce\xf1\xb5\xc4\xca\xb5\xc0\xfd\xd4\xda\xd4\xcb\xd0\xd0\xa1\xa3\r\r\n\xb4\xed\xce\xf3: \xce\xde\xb7\xa8\xd6\xd5\xd6\xb9 PID 34828 (\xca\xf4\xd3\xda PID 40732 \xd7\xd3\xbd\xf8\xb3\xcc)\xb5\xc4\xbd\xf8\xb3\xcc\xa1\xa3\r\n\xd4\xad\xd2\xf2: \xc3\xbb\xd3\xd0\xb4\xcb\xc8\xce\xce\xf1\xb5\xc4\xca\xb5\xc0\xfd\xd4\xda\xd4\xcb\xd0\xd0\xa1\xa3\r\r\n\xb4\xed\xce\xf3: \xce\xde\xb7\xa8\xd6\xd5\xd6\xb9 PID 2500 (\xca\xf4\xd3\xda PID 40732 \xd7\xd3\xbd\xf8\xb3\xcc)\xb5\xc4\xbd\xf8\xb3\xcc\xa1\xa3\r\n\xd4\xad\xd2\xf2: \xc3\xbb\xd3\xd0\xb4\xcb\xc8\xce\xce\xf1\xb5\xc4\xca\xb5\xc0\xfd\xd4\xda\xd4\xcb\xd0\xd0\xa1\xa3\r\r\n\xb4\xed\xce\xf3: \xce\xde\xb7\xa8\xd6\xd5\xd6\xb9 PID 9824 (\xca\xf4\xd3\xda PID 40732 \xd7\xd3\xbd\xf8\xb3\xcc)\xb5\xc4\xbd\xf8\xb3\xcc\xa1\xa3\r\n\xd4\xad\xd2\xf2: \xc3\xbb\xd3\xd0\xb4\xcb\xc8\xce\xce\xf1\xb5\xc4\xca\xb5\xc0\xfd\xd4\xda\xd4\xcb\xd0\xd0\xa1\xa3\r\r\n\xb4\xed\xce\xf3: \xce\xde\xb7\xa8\xd6\xd5\xd6\xb9 PID 5504 (\xca\xf4\xd3\xda PID 40732 \xd7\xd3\xbd\xf8\xb3\xcc)\xb5\xc4\xbd\xf8\xb3\xcc\xa1\xa3\r\n\xd4\xad\xd2\xf2: \xc3\xbb\xd3\xd0\xb4\xcb\xc8\xce\xce\xf1\xb5\xc4\xca\xb5\xc0\xfd\xd4\xda\xd4\xcb\xd0\xd0\xa1\xa3\r\r\n'
